src/phase2_supervisor.sh: line 11: /root/residctl/results/final/phase2_determinism.csv: No such file or directory
src/phase2_supervisor.sh: line 12: /root/residctl/results/final/phase2_sweep.csv: No such file or directory
15:33:20 grid not running (det=0 sweep=0) -- relaunching
15:34:57 det=12 sweep=1 alive
15:36:27 det=28 sweep=1 alive
15:37:57 det=40 sweep=1 alive
15:39:27 det=55 sweep=1 alive
15:40:57 det=67 sweep=1 alive
15:42:27 det=79 sweep=1 alive
15:43:57 det=92 sweep=1 alive
15:45:27 det=102 sweep=1 alive
15:46:57 det=119 sweep=1 alive
15:48:27 det=121 sweep=7 alive
15:49:57 det=121 sweep=22 alive
15:51:27 det=121 sweep=38 alive
15:52:57 det=121 sweep=51 alive
15:54:27 det=121 sweep=66 alive
15:55:57 det=121 sweep=83 alive
15:57:27 det=121 sweep=101 alive
15:58:57 det=121 sweep=117 alive
16:00:27 det=121 sweep=132 alive
16:01:57 DONE det=121 sweep=145
